V3 3
FL C:/Users/reymy/Documents/quinto/arquitortura/HolaMundo/hola.vhd 2017/08/10.18:25:09 P.20131013
EN work/hola 1502407555 \
      FL C:/Users/reymy/Documents/quinto/arquitortura/HolaMundo/hola.vhd \
      PB ieee/std_logic_1164 1381692176
AR work/hola/Behavioral 1502407556 \
      FL C:/Users/reymy/Documents/quinto/arquitortura/HolaMundo/hola.vhd \
      EN work/hola 1502407555
